// Jest Snapshot v1, https://goo.gl/fbAQLP

exports[`Header component renders correctly with no data 1`] = `
<div
  className="application-header"
>
  <div
    className="application-header--logo-placeholder"
  >
    <a
      href="http://mpemmapas.mprj.mp.br/home.html"
      target="_blank"
    >
      <img
        alt="InLoco"
        className="application-header--logo"
        src={Object {}}
      />
    </a>
  </div>
  <a
    className="application-header--menu-button fa fa-bars focus-menu"
    data-html2canvas-ignore={true}
    role="button"
  >
    <span
      className="menu-button--tootltip hidden"
    >
      Comece por aqui.
    </span>
  </a>
</div>
`;
