// Jest Snapshot v1, https://goo.gl/fbAQLP

exports[`MenuItem component renders correctly with no data 1`] = `<_class />`;

exports[`MenuItem component renders correctly with real data > Layer MenuItem 1`] = `<_class />`;

exports[`MenuItem component renders correctly with real data > Top Level MenuItem 1`] = `<_class />`;
